
     Program PWSCF v.7.2 starts on  9Oct2025 at 18:53:16 

     This program is part of the open-source Quantum ESPRESSO suite
     for quantum simulation of materials; please cite
         "P. Giannozzi et al., J. Phys.:Condens. Matter 21 395502 (2009);
         "P. Giannozzi et al., J. Phys.:Condens. Matter 29 465901 (2017);
         "P. Giannozzi et al., J. Chem. Phys. 152 154105 (2020);
          URL http://www.quantum-espresso.org", 
     in publications or presentations arising from this work. More details at
     http://www.quantum-espresso.org/quote

     Parallel version (MPI & OpenMP), running on      11 processor cores
     Number of MPI processes:                 1
     Threads/MPI process:                    11

     MPI processes distributed on     1 nodes
     0 MiB available memory on the printing compute node when the environment starts

     Reading input from aiida.in

     Current dimensions of program PWSCF are:
     Max number of different atomic species (ntypx) = 10
     Max number of k-points (npk) =  40000
     Max angular momentum in pseudopotentials (lmaxx) =  4

     Atomic positions and unit cell read from directory:
     ./out/aiida.save/
     Atomic positions from file used, from input discarded

     Found identity + (  0.0000 -0.5000 -0.5000) symmetry
     This is a supercell, fractional translations are disabled
     [opt_tetra]  Optimized tetrahedron method is used.

     Subspace diagonalization in iterative solution of the eigenvalue problem:
     a serial algorithm will be used


     G-vector sticks info
     --------------------
     sticks:   dense  smooth     PW     G-vecs:    dense   smooth      PW
     Sum        1649     829    241                50733    17941    2721

     Using Slab Decomposition



     bravais-lattice index     =            0
     lattice parameter (alat)  =       7.6156  a.u.
     unit-cell volume          =     441.6841 (a.u.)^3
     number of atoms/cell      =            8
     number of atomic types    =            2
     number of electrons       =        40.00
     number of Kohn-Sham states=           24
     kinetic-energy cutoff     =      45.0000  Ry
     charge density cutoff     =     360.0000  Ry
     Exchange-correlation= SLA  PW   PSX  PSC
                           (   1   4  10   8   0   0   0)

     celldm(1)=   7.615596  celldm(2)=   0.000000  celldm(3)=   0.000000
     celldm(4)=   0.000000  celldm(5)=   0.000000  celldm(6)=   0.000000

     crystal axes: (cart. coord. in units of alat)
               a(1) = (   1.000000   0.000000   0.000000 )  
               a(2) = (   0.000000   1.000000   0.000000 )  
               a(3) = (   0.000000   0.000000   1.000000 )  

     reciprocal axes: (cart. coord. in units 2 pi/alat)
               b(1) = (  1.000000  0.000000  0.000000 )  
               b(2) = (  0.000000  1.000000  0.000000 )  
               b(3) = (  0.000000  0.000000  1.000000 )  


     PseudoPot. # 1 for F  read from file:
     ./pseudo/f_pbesol_v1.4.uspp.F.UPF
     MD5 check sum: d2815ecb49b17b99c5724ffd2f9bbd8d
     Pseudo is Ultrasoft, Zval =  7.0
     Generated by new atomic code, or converted to UPF format
     Using radial grid of  799 points,  4 beta functions with: 
                l(1) =   0
                l(2) =   0
                l(3) =   1
                l(4) =   1
     Q(r) pseudized with  8 coefficients,  rinner =    0.950   0.950   0.950


     PseudoPot. # 2 for Li read from file:
     ./pseudo/li_pbesol_v1.4.uspp.F.UPF
     MD5 check sum: aa28d9aeea6a965f2dc95ee9517b3536
     Pseudo is Ultrasoft, Zval =  3.0
     Generated by new atomic code, or converted to UPF format
     Using radial grid of  751 points,  5 beta functions with: 
                l(1) =   0
                l(2) =   0
                l(3) =   0
                l(4) =   1
                l(5) =   1
     Q(r) pseudized with 10 coefficients,  rinner =    1.150   1.150   1.150


     atomic species   valence    mass     pseudopotential
        F              7.00    18.99840     F ( 1.00)
        Li             3.00     6.94000     Li( 1.00)

     No symmetry found


                                    s                        frac. trans.

      isym =  1     identity                                     

 cryst.   s( 1) = (     1          0          0      )
                  (     0          1          0      )
                  (     0          0          1      )

 cart.    s( 1) = (  1.0000000  0.0000000  0.0000000 )
                  (  0.0000000  1.0000000  0.0000000 )
                  (  0.0000000  0.0000000  1.0000000 )


   Cartesian axes

     site n.     atom                  positions (alat units)
         1           Li  tau(   1) = (   0.0000000   0.0000000   0.0000000  )
         2           F   tau(   2) = (   0.5000000   0.0000000   0.0000000  )
         3           Li  tau(   3) = (   0.0000000   0.5000000   0.5000000  )
         4           F   tau(   4) = (   0.5000000   0.5000000   0.5000000  )
         5           Li  tau(   5) = (   0.5000000   0.0000000   0.5000000  )
         6           F   tau(   6) = (   0.0000000   0.0000000   0.5000000  )
         7           Li  tau(   7) = (   0.5000000   0.5000000   0.0000000  )
         8           F   tau(   8) = (   0.0000000   0.5000000   0.0000000  )

   Crystallographic axes

     site n.     atom                  positions (cryst. coord.)
         1           Li  tau(   1) = (  0.0000000  0.0000000  0.0000000  )
         2           F   tau(   2) = (  0.5000000  0.0000000  0.0000000  )
         3           Li  tau(   3) = (  0.0000000  0.5000000  0.5000000  )
         4           F   tau(   4) = (  0.5000000  0.5000000  0.5000000  )
         5           Li  tau(   5) = (  0.5000000  0.0000000  0.5000000  )
         6           F   tau(   6) = (  0.0000000  0.0000000  0.5000000  )
         7           Li  tau(   7) = (  0.5000000  0.5000000  0.0000000  )
         8           F   tau(   8) = (  0.0000000  0.5000000  0.0000000  )

     number of k points=     2 (tetrahedron method)
                       cart. coord. in units 2pi/alat
        k(    1) = (   0.0000000   0.0000000   0.0000000), wk =   1.0000000
        k(    2) = (  -0.5000000   0.0000000   0.0000000), wk =   1.0000000

                       cryst. coord.
        k(    1) = (   0.0000000   0.0000000   0.0000000), wk =   1.0000000
        k(    2) = (  -0.5000000   0.0000000   0.0000000), wk =   1.0000000

     Dense  grid:    50733 G-vectors     FFT dimensions: (  45,  45,  45)

     Smooth grid:    17941 G-vectors     FFT dimensions: (  36,  36,  36)

     Dynamical RAM for                 wfc:       0.82 MB

     Dynamical RAM for     wfc (w. buffer):       0.82 MB

     Dynamical RAM for           str. fact:       1.55 MB

     Dynamical RAM for           local pot:       0.00 MB

     Dynamical RAM for          nlocal pot:       2.34 MB

     Dynamical RAM for                qrad:       1.31 MB

     Dynamical RAM for          rho,v,vnew:       4.41 MB

     Dynamical RAM for           G-vectors:       3.04 MB

     Dynamical RAM for          h,s,v(r/c):       0.11 MB

     Dynamical RAM for          <psi|beta>:       0.02 MB

     Dynamical RAM for                 psi:       1.65 MB

     Dynamical RAM for                hpsi:       1.65 MB

     Dynamical RAM for                spsi:       1.65 MB

     Dynamical RAM for      wfcinit/wfcrot:       2.50 MB

     Dynamical RAM for           addusdens:      43.35 MB

     Estimated static dynamical RAM per process >      19.26 MB

     Estimated max dynamical RAM per process >      62.61 MB

     The potential is recalculated from file :
     ./out/aiida.save/charge-density

     Starting wfcs are   36 randomized atomic wfcs

     Band Structure Calculation
     Davidson diagonalization with overlap

     Computing kpt #:     1  of     2
     total cpu time spent up to now is        2.4 secs

     Computing kpt #:     2  of     2
     total cpu time spent up to now is        3.3 secs

     ethr =  8.00E-12,  avg # of iterations = 24.0

     total cpu time spent up to now is        3.3 secs

     End of band structure calculation

          k = 0.0000 0.0000 0.0000 (  2301 PWs)   bands (ev):

   -39.4508 -39.3717 -39.3717 -39.3714 -19.0932 -18.3868 -18.3867 -18.3867
    -2.2905  -2.2905  -2.2905  -0.2464  -0.2464  -0.2464  -0.2463  -0.2463
    -0.2463   0.7641   0.7641   0.7641   9.6475  15.3855  15.3855  15.3855

     occupation numbers 
     1.0000   1.0000   1.0000   1.0000   1.0000   1.0000   1.0000   1.0000
     1.0000   1.0000   1.0000   1.0000   1.0000   1.0000   1.0000   1.0000
     1.0000   1.0000   1.0000   1.0000   0.0000   0.0000   0.0000   0.0000

          k =-0.5000 0.0000 0.0000 (  2240 PWs)   bands (ev):

   -39.4100 -39.4098 -39.3705 -39.3703 -18.7857 -18.7856 -18.4147 -18.4146
    -1.3462  -1.3462  -1.3462  -1.3462  -0.6923  -0.6922  -0.0417  -0.0415
     0.2484   0.2484   0.2485   0.2485  11.9903  11.9903  15.6105  15.6106

     occupation numbers 
     1.0000   1.0000   1.0000   1.0000   1.0000   1.0000   1.0000   1.0000
     1.0000   1.0000   1.0000   1.0000   1.0000   1.0000   1.0000   1.0000
     1.0000   1.0000   1.0000   1.0000   0.0000   0.0000   0.0000   0.0000

     the Fermi energy is     1.8452 ev
     (compare with:     3.7160 eV, computed in scf)

     Writing all to output data dir ./out/aiida.save/

     init_run     :      7.33s CPU      0.96s WALL (       1 calls)
     electrons    :     20.59s CPU      2.24s WALL (       1 calls)

     Called by init_run:
     wfcinit      :      0.00s CPU      0.00s WALL (       1 calls)
     wfcinit:atom :      0.01s CPU      0.00s WALL (       2 calls)
     wfcinit:wfcr :      6.43s CPU      0.76s WALL (       2 calls)
     potinit      :      3.97s CPU      0.44s WALL (       1 calls)
     hinit0       :      3.11s CPU      0.47s WALL (       1 calls)

     Called by electrons:
     c_bands      :     20.59s CPU      2.24s WALL (       1 calls)
     v_of_rho     :      0.11s CPU      0.01s WALL (       1 calls)
     v_h          :      0.01s CPU      0.00s WALL (       1 calls)
     v_xc         :      0.10s CPU      0.01s WALL (       1 calls)
     newd         :      0.23s CPU      0.03s WALL (       1 calls)

     Called by c_bands:
     init_us_2    :      0.01s CPU      0.00s WALL (       2 calls)
     init_us_2:cp :      0.01s CPU      0.00s WALL (       2 calls)
     cegterg      :     14.09s CPU      1.47s WALL (       4 calls)

     Called by sum_band:

     Called by *egterg:
     cdiaghg      :      0.26s CPU      0.03s WALL (      50 calls)
     cegterg:over :      0.34s CPU      0.04s WALL (      48 calls)
     cegterg:upda :      0.12s CPU      0.02s WALL (      48 calls)
     cegterg:last :      0.25s CPU      0.03s WALL (      35 calls)
     h_psi        :     19.31s CPU      2.08s WALL (      54 calls)
     s_psi        :      0.14s CPU      0.02s WALL (      54 calls)
     g_psi        :      0.01s CPU      0.00s WALL (      48 calls)

     Called by h_psi:
     h_psi:calbec :      0.28s CPU      0.03s WALL (      54 calls)
     vloc_psi     :     18.89s CPU      2.03s WALL (      54 calls)
     add_vuspsi   :      0.13s CPU      0.02s WALL (      54 calls)

     General routines
     calbec       :      0.28s CPU      0.03s WALL (      54 calls)
     fft          :      2.99s CPU      0.35s WALL (      12 calls)
     ffts         :      3.84s CPU      0.43s WALL (       1 calls)
     fftw         :     18.23s CPU      1.96s WALL (    1878 calls)
     interpolate  :      3.84s CPU      0.43s WALL (       1 calls)
     davcio       :      0.00s CPU      0.00s WALL (       4 calls)

     Parallel routines

     PWSCF        :     28.07s CPU      3.30s WALL


   This run was terminated on:  18:53:19   9Oct2025            

=------------------------------------------------------------------------------=
   JOB DONE.
=------------------------------------------------------------------------------=
