
     Program DOS v.7.2 starts on  9Oct2025 at 18:53:21 

     This program is part of the open-source Quantum ESPRESSO suite
     for quantum simulation of materials; please cite
         "P. Giannozzi et al., J. Phys.:Condens. Matter 21 395502 (2009);
         "P. Giannozzi et al., J. Phys.:Condens. Matter 29 465901 (2017);
         "P. Giannozzi et al., J. Chem. Phys. 152 154105 (2020);
          URL http://www.quantum-espresso.org", 
     in publications or presentations arising from this work. More details at
     http://www.quantum-espresso.org/quote

     Parallel version (MPI & OpenMP), running on      11 processor cores
     Number of MPI processes:                 1
     Threads/MPI process:                    11

     MPI processes distributed on     1 nodes
     0 MiB available memory on the printing compute node when the environment starts


     Reading xml data from directory:

     ./out/aiida.save/

     IMPORTANT: XC functional enforced from input :
     Exchange-correlation= PBESOL
                           (   1   4  10   8   0   0   0)
     Any further DFT definition will be discarded
     Please, verify this is what you really want


     G-vector sticks info
     --------------------
     sticks:   dense  smooth     PW     G-vecs:    dense   smooth      PW
     Sum        1649     829    241                50733    17941    2721

     Using Slab Decomposition


     Optimized tetrahedron method used

     [opt_tetra]  Optimized tetrahedron method is used.

     DOS          :      3.76s CPU      1.16s WALL


   This run was terminated on:  18:53:23   9Oct2025            

=------------------------------------------------------------------------------=
   JOB DONE.
=------------------------------------------------------------------------------=
